// Vitest Snapshot v1, https://vitest.dev/guide/snapshot.html

exports[`a share link round-trips the inputs coco_lab ran > astar_open 1`] = `"?v=1&bundle=astar_open&s=4.1.4.1.9&e=bQETARMBEwETARMBEwETBQ&h=e0b0fafb4f80"`;

exports[`a share link round-trips the inputs coco_lab ran > weighted_astar_greedy_trap 1`] = `"?v=1&bundle=weighted_astar_greedy_trap&s=2.3.8.0.4&e=BQMSAVAK&h=b783af22c370"`;
