base 06c308aff78d4e7327212bbca280f62be7a7baef604ae41676e886b72301db8c /home/gautham/coco_search_ws/src/coco-labs/gazebo_models/config/nav2_params.yaml
overlay b7a2d3fce5ef98bc3daefd64d88e87caac8e1b1bccc5341fe62596bde50697db /home/gautham/coco_search_ws/src/coco-labs/coco_lab_ros/config/nav2_move_overlay.yaml
merged 63d63f70624c0863c2cca756e89ec699e4519c454dd0f37b6ef1e6bed1acc0af /home/gautham/coco_lab_runs/lab5/snapshot_c1/nav2_move_params.yaml
differs controller_server.ros__parameters.MPPI.ConstraintCritic.cost_power
differs controller_server.ros__parameters.MPPI.ConstraintCritic.cost_weight
differs controller_server.ros__parameters.MPPI.ConstraintCritic.enabled
differs controller_server.ros__parameters.MPPI.CostCritic.collision_cost
differs controller_server.ros__parameters.MPPI.CostCritic.consider_footprint
differs controller_server.ros__parameters.MPPI.CostCritic.cost_power
differs controller_server.ros__parameters.MPPI.CostCritic.cost_weight
differs controller_server.ros__parameters.MPPI.CostCritic.critical_cost
differs controller_server.ros__parameters.MPPI.CostCritic.enabled
differs controller_server.ros__parameters.MPPI.CostCritic.near_goal_distance
differs controller_server.ros__parameters.MPPI.CostCritic.trajectory_point_step
differs controller_server.ros__parameters.MPPI.GoalAngleCritic.cost_power
differs controller_server.ros__parameters.MPPI.GoalAngleCritic.cost_weight
differs controller_server.ros__parameters.MPPI.GoalAngleCritic.enabled
differs controller_server.ros__parameters.MPPI.GoalAngleCritic.threshold_to_consider
differs controller_server.ros__parameters.MPPI.GoalCritic.cost_power
differs controller_server.ros__parameters.MPPI.GoalCritic.cost_weight
differs controller_server.ros__parameters.MPPI.GoalCritic.enabled
differs controller_server.ros__parameters.MPPI.GoalCritic.threshold_to_consider
differs controller_server.ros__parameters.MPPI.PathAlignCritic.cost_power
differs controller_server.ros__parameters.MPPI.PathAlignCritic.cost_weight
differs controller_server.ros__parameters.MPPI.PathAlignCritic.enabled
differs controller_server.ros__parameters.MPPI.PathAlignCritic.max_path_occupancy_ratio
differs controller_server.ros__parameters.MPPI.PathAlignCritic.offset_from_furthest
differs controller_server.ros__parameters.MPPI.PathAlignCritic.threshold_to_consider
differs controller_server.ros__parameters.MPPI.PathAlignCritic.trajectory_point_step
differs controller_server.ros__parameters.MPPI.PathAlignCritic.use_path_orientations
differs controller_server.ros__parameters.MPPI.PathAngleCritic.cost_power
differs controller_server.ros__parameters.MPPI.PathAngleCritic.cost_weight
differs controller_server.ros__parameters.MPPI.PathAngleCritic.enabled
differs controller_server.ros__parameters.MPPI.PathAngleCritic.max_angle_to_furthest
differs controller_server.ros__parameters.MPPI.PathAngleCritic.mode
differs controller_server.ros__parameters.MPPI.PathAngleCritic.offset_from_furthest
differs controller_server.ros__parameters.MPPI.PathAngleCritic.threshold_to_consider
differs controller_server.ros__parameters.MPPI.PathFollowCritic.cost_power
differs controller_server.ros__parameters.MPPI.PathFollowCritic.cost_weight
differs controller_server.ros__parameters.MPPI.PathFollowCritic.enabled
differs controller_server.ros__parameters.MPPI.PathFollowCritic.offset_from_furthest
differs controller_server.ros__parameters.MPPI.PathFollowCritic.threshold_to_consider
differs controller_server.ros__parameters.MPPI.PreferForwardCritic.cost_power
differs controller_server.ros__parameters.MPPI.PreferForwardCritic.cost_weight
differs controller_server.ros__parameters.MPPI.PreferForwardCritic.enabled
differs controller_server.ros__parameters.MPPI.PreferForwardCritic.threshold_to_consider
differs controller_server.ros__parameters.MPPI.TrajectoryVisualizer.time_step
differs controller_server.ros__parameters.MPPI.TrajectoryVisualizer.trajectory_step
differs controller_server.ros__parameters.MPPI.ax_max
differs controller_server.ros__parameters.MPPI.ax_min
differs controller_server.ros__parameters.MPPI.ay_max
differs controller_server.ros__parameters.MPPI.az_max
differs controller_server.ros__parameters.MPPI.batch_size
differs controller_server.ros__parameters.MPPI.critics
differs controller_server.ros__parameters.MPPI.gamma
differs controller_server.ros__parameters.MPPI.iteration_count
differs controller_server.ros__parameters.MPPI.model_dt
differs controller_server.ros__parameters.MPPI.motion_model
differs controller_server.ros__parameters.MPPI.plugin
differs controller_server.ros__parameters.MPPI.prune_distance
differs controller_server.ros__parameters.MPPI.regenerate_noises
differs controller_server.ros__parameters.MPPI.temperature
differs controller_server.ros__parameters.MPPI.time_steps
differs controller_server.ros__parameters.MPPI.transform_tolerance
differs controller_server.ros__parameters.MPPI.visualize
differs controller_server.ros__parameters.MPPI.vx_max
differs controller_server.ros__parameters.MPPI.vx_min
differs controller_server.ros__parameters.MPPI.vx_std
differs controller_server.ros__parameters.MPPI.vy_max
differs controller_server.ros__parameters.MPPI.vy_std
differs controller_server.ros__parameters.MPPI.wz_max
differs controller_server.ros__parameters.MPPI.wz_std
differs controller_server.ros__parameters.RPP.allow_reversing
differs controller_server.ros__parameters.RPP.approach_velocity_scaling_dist
differs controller_server.ros__parameters.RPP.cost_scaling_dist
differs controller_server.ros__parameters.RPP.cost_scaling_gain
differs controller_server.ros__parameters.RPP.curvature_lookahead_dist
differs controller_server.ros__parameters.RPP.desired_linear_vel
differs controller_server.ros__parameters.RPP.inflation_cost_scaling_factor
differs controller_server.ros__parameters.RPP.interpolate_curvature_after_goal
differs controller_server.ros__parameters.RPP.lookahead_dist
differs controller_server.ros__parameters.RPP.lookahead_time
differs controller_server.ros__parameters.RPP.max_allowed_time_to_collision_up_to_carrot
differs controller_server.ros__parameters.RPP.max_angular_accel
differs controller_server.ros__parameters.RPP.max_lookahead_dist
differs controller_server.ros__parameters.RPP.max_robot_pose_search_dist
differs controller_server.ros__parameters.RPP.min_approach_linear_velocity
differs controller_server.ros__parameters.RPP.min_lookahead_dist
differs controller_server.ros__parameters.RPP.plugin
differs controller_server.ros__parameters.RPP.regulated_linear_scaling_min_radius
differs controller_server.ros__parameters.RPP.regulated_linear_scaling_min_speed
differs controller_server.ros__parameters.RPP.rotate_to_heading_angular_vel
differs controller_server.ros__parameters.RPP.rotate_to_heading_min_angle
differs controller_server.ros__parameters.RPP.transform_tolerance
differs controller_server.ros__parameters.RPP.use_collision_detection
differs controller_server.ros__parameters.RPP.use_cost_regulated_linear_velocity_scaling
differs controller_server.ros__parameters.RPP.use_fixed_curvature_lookahead
differs controller_server.ros__parameters.RPP.use_regulated_linear_velocity_scaling
differs controller_server.ros__parameters.RPP.use_rotate_to_heading
differs controller_server.ros__parameters.RPP.use_velocity_scaled_lookahead_dist
differs controller_server.ros__parameters.controller_plugins
meta None 4cb984f 0
lab5: PASS mission nav2_params.yaml byte-identical to e06dc94 (06c308af...) (16:10:31 UTC)
lab5: sim publishing /scan after 8s (16:10:39 UTC)
lab5: all Nav2 lifecycle nodes active after 24s (16:11:03 UTC)
lab5: AMCL publishing a pose after 2s (16:11:05 UTC)
params checked 253 mismatches 0
lab5: PASS live controller_server, planner_server and costmap params == merged file (16:11:49 UTC)
readback {'/controller_server': {'checked': 150, 'leaves': 151}, '/global_costmap/global_costmap': {'checked': 46, 'leaves': 46}, '/local_costmap/local_costmap': {'checked': 40, 'leaves': 41}, '/planner_server': {'checked': 17, 'leaves': 17}} undeclared (all) 2 overlay undeclared []
lab5: PASS every overlay key (MPPI.*, RPP.*) is declared by its controller (16:11:49 UTC)
lab5: PASS all three controllers loaded (controller_server log) (16:11:49 UTC)
{"wheel_ok": true, "wheel": ["cmd_vel_arbiter"], "arbiter": "mode=nav active=none teleop=-- nav=-- rl=-- approach=--"}
lab5: PASS wheel topic: exactly one publisher, cmd_vel_arbiter (start) (16:11:51 UTC)
saved /home/gautham/coco_lab_runs/lab5/snapshot_c1/costmap_before.json: 500 x 380 @ 0.05, sha256:f7797c19475d435eea4eb04be7cf90d66228f6115f3e3557839a0abc88274482
lab5: PASS the global costmap settled (before) (16:12:10 UTC)
lab5: actor spawned after 3s (16:12:13 UTC)
lab5: PASS the parked person spawned in Gazebo (16:12:13 UTC)
saved /home/gautham/coco_lab_runs/lab5/snapshot_c1/costmap_after.json: 500 x 380 @ 0.05, sha256:018f2371f44de987dd20bf3754decaecd5c3dd02ed1eab97a02f38e985e3dbc2
lab5: PASS the global costmap changed and settled again (after) (16:12:15 UTC)
{"wheel_ok": true, "wheel": ["cmd_vel_arbiter"], "arbiter": "mode=nav active=none teleop=-- nav=-- rl=-- approach=--"}
lab5: PASS wheel topic: exactly one publisher, cmd_vel_arbiter (end) (16:12:20 UTC)
watch samples 16 violations 0
lab5: PASS every watch sample: wheel owner cmd_vel_arbiter only, arbiter inputs unchanged, lab nodes clean (16:12:26 UTC)
lab5: session finished (16:12:26 UTC)
lab5: torn down; void='' checks PASS (16:12:41 UTC)
