lab1_run_astar: 155,111 B, 1376 messages, checksum ok (export_dir_sha256)
lab1_run_dijkstra: 154,912 B, 1383 messages, checksum ok (export_dir_sha256)
lab1_run_greedy: 126,059 B, 1100 messages, checksum ok (export_dir_sha256)
lab2_kidnap_recovery_k1: 1,971,424 B, 7961 messages, checksum not cited
lab2_kidnap_recovery_k1_void1: 1,009,045 B, 3520 messages, checksum not cited
lab2_kidnap_recovery_k1_r2: 1,973,959 B, 7972 messages, checksum not cited
lab2_kidnap_recovery_k2: 1,978,672 B, 8084 messages, checksum not cited
lab2_kidnap_recovery_k2_void2: 274,456 B, 939 messages, checksum not cited
lab2_kidnap_recovery_k2_r2: 1,974,416 B, 8006 messages, checksum not cited
lab2_kidnap_recovery_k3: 1,964,417 B, 7949 messages, checksum not cited
lab2_kidnap_recovery_k3_r2: 1,969,568 B, 7981 messages, checksum not cited
lab2_kidnap_recovery_k4: 1,965,324 B, 7959 messages, checksum not cited
lab2_kidnap_recovery_k4_r2: 1,973,412 B, 8021 messages, checksum not cited
lab2_kidnap_recovery_k5: 1,967,103 B, 8002 messages, checksum not cited
lab2_kidnap_recovery_k5_r2: 1,970,097 B, 7959 messages, checksum not cited
lab2_kidnap_shipped_k1: 1,958,683 B, 7937 messages, checksum not cited
lab2_kidnap_shipped_k1_void1: 987,499 B, 3446 messages, checksum not cited
lab2_kidnap_shipped_k1_r2: 1,966,496 B, 8041 messages, checksum not cited
lab2_kidnap_shipped_k2: 1,967,982 B, 7997 messages, checksum not cited
lab2_kidnap_shipped_k2_r2: 1,969,186 B, 7952 messages, checksum not cited
lab2_kidnap_shipped_k3: 1,970,530 B, 7960 messages, checksum not cited
lab2_kidnap_shipped_k3_r2: 1,974,516 B, 8082 messages, checksum not cited
lab2_kidnap_shipped_k4: 1,964,037 B, 7976 messages, checksum not cited
lab2_kidnap_shipped_k4_r2: 1,969,342 B, 8044 messages, checksum not cited
lab2_kidnap_shipped_k5: 1,967,660 B, 7999 messages, checksum not cited
lab2_kidnap_shipped_k5_r2: 1,968,362 B, 7942 messages, checksum not cited
lab2_rl_fidelity_1_tour: 4,605,807 B, 20447 messages, checksum not cited
lab3_s1_tour: 2,828,360 B, 9678 messages, checksum not cited
lab3_1_tour: 2,828,036 B, 9676 messages, checksum not cited
lab4_a1_fixed_red: 876,528 B, 6052 messages, checksum ok (p05_sha_dir)
lab4_a2_fixed_green: 670,488 B, 4658 messages, checksum ok (p05_sha_dir)
lab4_a3_fixed_blue: 309,342 B, 2156 messages, checksum ok (p05_sha_dir)
lab4_a4_fixed_yellow: 497,893 B, 3423 messages, checksum ok (p05_sha_dir)
lab4_b1_colours_s5_red: 889,461 B, 6284 messages, checksum ok (p05_sha_dir)
lab4_b2_colours_s1_red: 654,560 B, 4592 messages, checksum ok (p05_sha_dir)
lab4_b3_colours_s7_red: 326,721 B, 2292 messages, checksum ok (p05_sha_dir)
lab4_b4_colours_s2_red: 512,171 B, 3529 messages, checksum ok (p05_sha_dir)
lab4_c1_green_stop_after_bay3: 188,482 B, 1330 messages, checksum ok (p05_sha_dir)
lab4_c2_green_nearest: 501,100 B, 3506 messages, checksum ok (p05_sha_dir)
lab4_c3_green_most_likely: 523,292 B, 3670 messages, checksum ok (p05_sha_dir)
lab4_c4_green_reverse: 731,404 B, 5092 messages, checksum ok (p05_sha_dir)
lab4_d1_positions_s1_red: 680,141 B, 4767 messages, checksum ok (p05_sha_dir)
lab4_d2_positions_s2_red: 504,253 B, 3493 messages, checksum ok (p05_sha_dir)
lab4_d3_positions_s3_red: 673,021 B, 4721 messages, checksum ok (p05_sha_dir)
lab4_d4_positions_s4_red: 676,151 B, 4712 messages, checksum ok (p05_sha_dir)
lab4_b3_colours_s7_red_void_1: 44,091 B, 370 messages, checksum not cited
lab5_crossing_dwb_1: 249,473 B, 1165 messages, checksum ok (lab5_bag_0)
lab5_crossing_dwb_2: 247,136 B, 1142 messages, checksum ok (lab5_bag_0)
lab5_crossing_dwb_3: 248,275 B, 1153 messages, checksum ok (lab5_bag_0)
lab5_crossing_dwb_4: 248,469 B, 1159 messages, checksum ok (lab5_bag_0)
lab5_crossing_dwb_5: 235,686 B, 1071 messages, checksum ok (lab5_bag_0)
lab5_crossing_mppi_1: 287,547 B, 1293 messages, checksum ok (lab5_bag_0)
lab5_crossing_mppi_2: 287,340 B, 1279 messages, checksum ok (lab5_bag_0)
lab5_crossing_mppi_3: 284,686 B, 1274 messages, checksum ok (lab5_bag_0)
lab5_crossing_mppi_4: 295,708 B, 1352 messages, checksum ok (lab5_bag_0)
lab5_crossing_mppi_5: 281,767 B, 1241 messages, checksum ok (lab5_bag_0)
lab5_crossing_rpp_1: 272,709 B, 1201 messages, checksum ok (lab5_bag_0)
lab5_crossing_rpp_2: 276,511 B, 1224 messages, checksum ok (lab5_bag_0)
lab5_crossing_rpp_3: 273,533 B, 1206 messages, checksum ok (lab5_bag_0)
lab5_crossing_rpp_4: 284,753 B, 1303 messages, checksum ok (lab5_bag_0)
lab5_crossing_rpp_5: 266,563 B, 1165 messages, checksum ok (lab5_bag_0)
lab5_mislocalised_dwb_1: 6,593 B, 4 messages, checksum ok (lab5_bag_0)
lab5_mislocalised_dwb_2: 3,399 B, 2 messages, checksum ok (lab5_bag_0)
lab5_mislocalised_dwb_3: 7,142 B, 5 messages, checksum ok (lab5_bag_0)
lab5_mislocalised_mppi_1: 3,725 B, 2 messages, checksum ok (lab5_bag_0)
lab5_mislocalised_mppi_2: 4,250 B, 3 messages, checksum ok (lab5_bag_0)
lab5_mislocalised_mppi_3: 3,972 B, 3 messages, checksum ok (lab5_bag_0)
lab5_mislocalised_rpp_1: 3,470 B, 2 messages, checksum ok (lab5_bag_0)
lab5_mislocalised_rpp_2: 3,427 B, 2 messages, checksum ok (lab5_bag_0)
lab5_mislocalised_rpp_3: 6,332 B, 4 messages, checksum ok (lab5_bag_0)
lab5_oncoming_dwb_1: 255,527 B, 1167 messages, checksum ok (lab5_bag_0)
lab5_oncoming_dwb_2: 253,721 B, 1159 messages, checksum ok (lab5_bag_0)
lab5_oncoming_dwb_3: 255,721 B, 1162 messages, checksum ok (lab5_bag_0)
lab5_oncoming_dwb_4: 254,340 B, 1165 messages, checksum ok (lab5_bag_0)
lab5_oncoming_dwb_5: 257,614 B, 1173 messages, checksum ok (lab5_bag_0)
lab5_oncoming_mppi_1: 296,547 B, 1308 messages, checksum ok (lab5_bag_0)
lab5_oncoming_mppi_2: 300,450 B, 1322 messages, checksum ok (lab5_bag_0)
lab5_oncoming_mppi_3: 296,962 B, 1305 messages, checksum ok (lab5_bag_0)
lab5_oncoming_mppi_4: 303,675 B, 1339 messages, checksum ok (lab5_bag_0)
lab5_oncoming_mppi_5: 300,189 B, 1318 messages, checksum ok (lab5_bag_0)
lab5_oncoming_rpp_1: 178,564 B, 751 messages, checksum ok (lab5_bag_0)
lab5_oncoming_rpp_2: 178,808 B, 753 messages, checksum ok (lab5_bag_0)
lab5_oncoming_rpp_3: 180,105 B, 763 messages, checksum ok (lab5_bag_0)
lab5_oncoming_rpp_4: 179,633 B, 761 messages, checksum ok (lab5_bag_0)
lab5_oncoming_rpp_5: 179,714 B, 759 messages, checksum ok (lab5_bag_0)
lab5_static_room_dwb_1: 322,481 B, 1297 messages, checksum ok (lab5_bag_0)
lab5_static_room_dwb_2: 300,420 B, 1200 messages, checksum ok (lab5_bag_0)
lab5_static_room_dwb_3: 314,784 B, 1235 messages, checksum ok (lab5_bag_0)
lab5_static_room_dwb_4: 321,295 B, 1270 messages, checksum ok (lab5_bag_0)
lab5_static_room_dwb_5: 321,215 B, 1266 messages, checksum ok (lab5_bag_0)
lab5_static_room_mppi_1: 425,977 B, 1640 messages, checksum ok (lab5_bag_0)
lab5_static_room_mppi_2: 437,516 B, 1698 messages, checksum ok (lab5_bag_0)
lab5_static_room_mppi_3: 429,911 B, 1649 messages, checksum ok (lab5_bag_0)
lab5_static_room_mppi_4: 432,299 B, 1666 messages, checksum ok (lab5_bag_0)
lab5_static_room_mppi_5: 443,801 B, 1716 messages, checksum ok (lab5_bag_0)
lab5_static_room_rpp_1: 427,081 B, 1620 messages, checksum ok (lab5_bag_0)
lab5_static_room_rpp_2: 424,793 B, 1597 messages, checksum ok (lab5_bag_0)
lab5_static_room_rpp_3: 419,438 B, 1550 messages, checksum ok (lab5_bag_0)
lab5_static_room_rpp_4: 418,225 B, 1555 messages, checksum ok (lab5_bag_0)
lab5_static_room_rpp_5: 441,846 B, 1730 messages, checksum ok (lab5_bag_0)
exit=0
