lab5_crossing_dwb_1: 323,294 B, 1415 messages, checksum ok (lab5_bag_0)
lab5_crossing_dwb_2: 320,376 B, 1390 messages, checksum ok (lab5_bag_0)
lab5_crossing_dwb_3: 320,977 B, 1397 messages, checksum ok (lab5_bag_0)
lab5_crossing_dwb_4: 322,051 B, 1410 messages, checksum ok (lab5_bag_0)
lab5_crossing_dwb_5: 309,083 B, 1318 messages, checksum ok (lab5_bag_0)
lab5_crossing_mppi_1: 355,499 B, 1539 messages, checksum ok (lab5_bag_0)
lab5_crossing_mppi_2: 355,384 B, 1521 messages, checksum ok (lab5_bag_0)
lab5_crossing_mppi_3: 352,647 B, 1520 messages, checksum ok (lab5_bag_0)
lab5_crossing_mppi_4: 364,120 B, 1600 messages, checksum ok (lab5_bag_0)
lab5_crossing_mppi_5: 349,975 B, 1490 messages, checksum ok (lab5_bag_0)
lab5_crossing_rpp_1: 340,834 B, 1446 messages, checksum ok (lab5_bag_0)
lab5_crossing_rpp_2: 343,985 B, 1468 messages, checksum ok (lab5_bag_0)
lab5_crossing_rpp_3: 341,245 B, 1451 messages, checksum ok (lab5_bag_0)
lab5_crossing_rpp_4: 353,211 B, 1548 messages, checksum ok (lab5_bag_0)
lab5_crossing_rpp_5: 334,476 B, 1413 messages, checksum ok (lab5_bag_0)
lab5_mislocalised_dwb_1: 71,100 B, 158 messages, checksum ok (lab5_bag_0)
lab5_mislocalised_dwb_2: 70,688 B, 155 messages, checksum ok (lab5_bag_0)
lab5_mislocalised_dwb_3: 70,905 B, 157 messages, checksum ok (lab5_bag_0)
lab5_mislocalised_mppi_1: 65,717 B, 155 messages, checksum ok (lab5_bag_0)
lab5_mislocalised_mppi_2: 65,790 B, 156 messages, checksum ok (lab5_bag_0)
lab5_mislocalised_mppi_3: 65,959 B, 157 messages, checksum ok (lab5_bag_0)
lab5_mislocalised_rpp_1: 65,632 B, 154 messages, checksum ok (lab5_bag_0)
lab5_mislocalised_rpp_2: 65,950 B, 157 messages, checksum ok (lab5_bag_0)
lab5_mislocalised_rpp_3: 65,476 B, 154 messages, checksum ok (lab5_bag_0)
lab5_oncoming_dwb_1: 328,788 B, 1414 messages, checksum ok (lab5_bag_0)
lab5_oncoming_dwb_2: 326,884 B, 1407 messages, checksum ok (lab5_bag_0)
lab5_oncoming_dwb_3: 328,618 B, 1409 messages, checksum ok (lab5_bag_0)
lab5_oncoming_dwb_4: 327,710 B, 1412 messages, checksum ok (lab5_bag_0)
lab5_oncoming_dwb_5: 330,865 B, 1421 messages, checksum ok (lab5_bag_0)
lab5_oncoming_mppi_1: 365,470 B, 1560 messages, checksum ok (lab5_bag_0)
lab5_oncoming_mppi_2: 368,555 B, 1569 messages, checksum ok (lab5_bag_0)
lab5_oncoming_mppi_3: 364,378 B, 1548 messages, checksum ok (lab5_bag_0)
lab5_oncoming_mppi_4: 372,016 B, 1586 messages, checksum ok (lab5_bag_0)
lab5_oncoming_mppi_5: 367,759 B, 1562 messages, checksum ok (lab5_bag_0)
lab5_oncoming_rpp_1: 246,026 B, 998 messages, checksum ok (lab5_bag_0)
lab5_oncoming_rpp_2: 246,258 B, 997 messages, checksum ok (lab5_bag_0)
lab5_oncoming_rpp_3: 247,070 B, 1005 messages, checksum ok (lab5_bag_0)
lab5_oncoming_rpp_4: 247,897 B, 1013 messages, checksum ok (lab5_bag_0)
lab5_oncoming_rpp_5: 247,048 B, 1002 messages, checksum ok (lab5_bag_0)
lab5_static_room_dwb_1: 392,609 B, 1449 messages, checksum ok (lab5_bag_0)
lab5_static_room_dwb_2: 370,701 B, 1352 messages, checksum ok (lab5_bag_0)
lab5_static_room_dwb_3: 385,385 B, 1391 messages, checksum ok (lab5_bag_0)
lab5_static_room_dwb_4: 392,412 B, 1423 messages, checksum ok (lab5_bag_0)
lab5_static_room_dwb_5: 391,651 B, 1422 messages, checksum ok (lab5_bag_0)
lab5_static_room_mppi_1: 488,840 B, 1795 messages, checksum ok (lab5_bag_0)
lab5_static_room_mppi_2: 499,572 B, 1852 messages, checksum ok (lab5_bag_0)
lab5_static_room_mppi_3: 491,659 B, 1800 messages, checksum ok (lab5_bag_0)
lab5_static_room_mppi_4: 494,583 B, 1820 messages, checksum ok (lab5_bag_0)
lab5_static_room_mppi_5: 506,135 B, 1871 messages, checksum ok (lab5_bag_0)
lab5_static_room_rpp_1: 489,472 B, 1773 messages, checksum ok (lab5_bag_0)
lab5_static_room_rpp_2: 486,354 B, 1749 messages, checksum ok (lab5_bag_0)
lab5_static_room_rpp_3: 481,154 B, 1701 messages, checksum ok (lab5_bag_0)
lab5_static_room_rpp_4: 479,656 B, 1707 messages, checksum ok (lab5_bag_0)
lab5_static_room_rpp_5: 504,193 B, 1886 messages, checksum ok (lab5_bag_0)
